hit at byte 1040384 (version: 1.x, name: "rust:0", creation time: 2017-08-10T21:01:35+02:00, update time: 2017-08-10T21:01:38+02:00)
