hit at byte 0 (version: 1.x, name: "rust:0", creation time: 2017-08-10T21:14:20+02:00, update time: 2017-08-10T21:14:23+02:00)
