hit at byte 4096 (version: 1.x, name: "rust:0", creation time: 2017-08-10T23:38:49+02:00, update time: 2017-08-10T23:38:49+02:00)
